<cases>

<case>
    <name>MP Case 1: Multiple [ false ]</name>
    <description>MP Case 1</description>
    <duration>0.106762100 s</duration>
    <input>
        <kernel>com.ibm.websphere.appserver.kernelCore-1.0</kernel>
        <kernel>com.ibm.websphere.appserver.logging-1.0</kernel>
        <root>servlet-5.0</root>
        <root>mpHealth</root>
        <root>mpMetrics</root>
    </input>
    <output>
        <resolved-platform>microProfile-5.0</resolved-platform>
        <resolved-platform>jakartaee-9.1</resolved-platform>
        <resolved-versionless>io.openliberty.versionless.mpHealth=io.openliberty.mpHealth-4.0</resolved-versionless>
        <resolved-versionless>io.openliberty.versionless.mpMetrics=io.openliberty.mpMetrics-4.0</resolved-versionless>
        <resolved>com.ibm.websphere.appserver.appLifecycle-1.0</resolved>
        <resolved>com.ibm.websphere.appserver.artifact-1.0</resolved>
        <resolved>com.ibm.websphere.appserver.javaeedd-1.0</resolved>
        <resolved>com.ibm.websphere.appserver.eeCompatible-9.0</resolved>
        <resolved>io.openliberty.jakarta.annotation-2.0</resolved>
        <resolved>com.ibm.websphere.appserver.anno-2.0</resolved>
        <resolved>com.ibm.websphere.appserver.containerServices-1.0</resolved>
        <resolved>com.ibm.websphere.appserver.dynamicBundle-1.0</resolved>
        <resolved>com.ibm.websphere.appserver.classloading-1.0</resolved>
        <resolved>com.ibm.websphere.appserver.appmanager-1.0</resolved>
        <resolved>com.ibm.websphere.appserver.javaeePlatform-6.0</resolved>
        <resolved>com.ibm.websphere.appserver.javaeePlatform-7.0</resolved>
        <resolved>com.ibm.websphere.appserver.javaeePlatform-8.0</resolved>
        <resolved>io.openliberty.jakartaeePlatform-9.0</resolved>
        <resolved>io.openliberty.servlet.api-5.0</resolved>
        <resolved>com.ibm.websphere.appserver.javaeeddSchema-1.0</resolved>
        <resolved>com.ibm.websphere.appserver.injection-2.0</resolved>
        <resolved>io.openliberty.servlet-servletSpi2.0</resolved>
        <resolved>com.ibm.websphere.appserver.channelfw-1.0</resolved>
        <resolved>com.ibm.websphere.appserver.httptransport-1.0</resolved>
        <resolved>com.ibm.websphere.appserver.requestProbes-1.0</resolved>
        <resolved>servlet-5.0</resolved>
        <resolved>io.openliberty.mpCompatible-5.0</resolved>
        <resolved>io.openliberty.internal.mpVersion-5.0</resolved>
        <resolved>io.openliberty.jakarta.expressionLanguage-4.0</resolved>
        <resolved>io.openliberty.jakarta.interceptor-2.0</resolved>
        <resolved>io.openliberty.jakarta.cdi-3.0</resolved>
        <resolved>io.openliberty.microprofile.cdi.api-3.0</resolved>
        <resolved>io.openliberty.org.eclipse.microprofile.health-4.0</resolved>
        <resolved>com.ibm.websphere.appserver.contextService-1.0</resolved>
        <resolved>io.openliberty.jakarta.enterpriseBeans-4.0</resolved>
        <resolved>io.openliberty.jakarta.persistence.base-3.0</resolved>
        <resolved>io.openliberty.jakarta.persistence-3.0</resolved>
        <resolved>io.openliberty.jakarta.activation-2.0</resolved>
        <resolved>io.openliberty.jakarta.xmlBinding-3.0</resolved>
        <resolved>io.openliberty.jakarta.xmlWS-3.0</resolved>
        <resolved>com.ibm.websphere.appserver.internal.slf4j-1.7</resolved>
        <resolved>io.openliberty.jakarta.pages-3.0</resolved>
        <resolved>io.openliberty.jta-2.0</resolved>
        <resolved>io.openliberty.jakarta.connectors-2.0</resolved>
        <resolved>com.ibm.websphere.appserver.transaction-2.0</resolved>
        <resolved>cdi-3.0</resolved>
        <resolved>jndi-1.0</resolved>
        <resolved>json-1.0</resolved>
        <resolved>io.openliberty.org.eclipse.microprofile.config.3.0.ee-9.0</resolved>
        <resolved>io.openliberty.org.eclipse.microprofile.config-3.0</resolved>
        <resolved>mpConfig-3.0</resolved>
        <resolved>io.openliberty.jsonpImpl-2.0.1</resolved>
        <resolved>io.openliberty.jsonpInternal-2.0</resolved>
        <resolved>jsonp-2.0</resolved>
        <resolved>io.openliberty.servlet.internal-5.0</resolved>
        <resolved>io.openliberty.webBundle.internal.ee-9.0</resolved>
        <resolved>io.openliberty.webBundle.internal-1.0</resolved>
        <resolved>mpHealth-4.0</resolved>
        <resolved>io.openliberty.internal.versionless.mpHealth-4.0</resolved>
        <resolved>mpHealth</resolved>
        <resolved>io.openliberty.distributedMapInternal-2.0</resolved>
        <resolved>distributedMap-1.0</resolved>
        <resolved>com.ibm.websphere.appserver.basicRegistry-1.0</resolved>
        <resolved>com.ibm.websphere.appserver.securityInfrastructure-1.0</resolved>
        <resolved>com.ibm.websphere.appserver.builtinAuthorization-1.0</resolved>
        <resolved>com.ibm.websphere.appserver.certificateCreator-1.0</resolved>
        <resolved>ssl-1.0</resolved>
        <resolved>com.ibm.websphere.appserver.ltpa-1.0</resolved>
        <resolved>io.openliberty.jcache.internal1.1.ee-9.0</resolved>
        <resolved>io.openliberty.jcache.internal-1.1</resolved>
        <resolved>com.ibm.websphere.appserver.builtinAuthentication-2.0</resolved>
        <resolved>io.openliberty.securityAPI.jakarta-1.0</resolved>
        <resolved>io.openliberty.security.internal.ee-9.0</resolved>
        <resolved>com.ibm.websphere.appserver.security-1.0</resolved>
        <resolved>io.openliberty.authFilter1.0.internal.ee-9.0</resolved>
        <resolved>com.ibm.websphere.appserver.authFilter-1.0</resolved>
        <resolved>io.openliberty.webBundleSecurity1.0.internal.ee-9.0</resolved>
        <resolved>io.openliberty.webBundleSecurity.internal-1.0</resolved>
        <resolved>com.ibm.websphere.appserver.adminSecurity-2.0</resolved>
        <resolved>io.openliberty.restHandler1.0.internal.ee-9.0</resolved>
        <resolved>io.openliberty.restHandler.internal-1.0</resolved>
        <resolved>com.ibm.wsspi.appserver.webBundle-1.0</resolved>
        <resolved>com.ibm.wsspi.appserver.webBundleSecurity-1.0</resolved>
        <resolved>io.openliberty.securityAPI.javaee-1.0</resolved>
        <resolved>com.ibm.websphere.appserver.restHandler-1.0</resolved>
        <resolved>io.openliberty.org.eclipse.microprofile.metrics-4.0</resolved>
        <resolved>monitor-1.0</resolved>
        <resolved>mpMetrics-4.0</resolved>
        <resolved>io.openliberty.internal.versionless.mpMetrics-4.0</resolved>
        <resolved>mpMetrics</resolved>
        <resolved>com.ibm.websphere.appserver.javaeePlatform7.0-jndi1.0</resolved>
        <resolved>com.ibm.websphere.appserver.jakarta-transactionContext-1.0</resolved>
        <resolved>com.ibm.websphere.appserver.classloaderContext-1.0</resolved>
        <resolved>com.ibm.websphere.appserver.sessionMonitor-1.0</resolved>
        <resolved>io.openliberty.cdi3.0-jndi1.0</resolved>
        <resolved>com.ibm.websphere.appserver.distributedMapPMI-1.0</resolved>
        <resolved>io.openliberty.cdi3.0-servlet5.0</resolved>
        <resolved>transportSecurity-1.0</resolved>
        <resolved>io.openliberty.transportSecurity1.0.jakarta</resolved>
        <resolved>io.openliberty.servlet5.0-monitor1.0</resolved>
        <resolved>io.openliberty.cdi3.0-transaction2.0</resolved>
        <resolved>com.ibm.websphere.appserver.securityContext-1.0</resolved>
        <resolved>io.openliberty.mpMetrics-4.0-monitor-1.0</resolved>
    </output>
</case>

<case>
    <name>MP Case 2: Multiple [ false ]</name>
    <description>MP Case 2</description>
    <duration>0.055599500 s</duration>
    <input>
        <kernel>com.ibm.websphere.appserver.kernelCore-1.0</kernel>
        <kernel>com.ibm.websphere.appserver.logging-1.0</kernel>
        <root>servlet-6.0</root>
        <root>mpHealth</root>
        <root>mpMetrics</root>
    </input>
    <output>
        <resolved-platform>jakartaee-10.0</resolved-platform>
        <resolved-platform>microProfile-6.1</resolved-platform>
        <resolved-versionless>io.openliberty.versionless.mpHealth=io.openliberty.mpHealth-4.0</resolved-versionless>
        <resolved-versionless>io.openliberty.versionless.mpMetrics=io.openliberty.mpMetrics-5.1</resolved-versionless>
        <resolved>com.ibm.websphere.appserver.eeCompatible-10.0</resolved>
        <resolved>com.ibm.websphere.appserver.appLifecycle-1.0</resolved>
        <resolved>com.ibm.websphere.appserver.artifact-1.0</resolved>
        <resolved>com.ibm.websphere.appserver.javaeedd-1.0</resolved>
        <resolved>io.openliberty.jakarta.annotation-2.1</resolved>
        <resolved>com.ibm.websphere.appserver.anno-2.0</resolved>
        <resolved>com.ibm.websphere.appserver.containerServices-1.0</resolved>
        <resolved>com.ibm.websphere.appserver.dynamicBundle-1.0</resolved>
        <resolved>com.ibm.websphere.appserver.classloading-1.0</resolved>
        <resolved>com.ibm.websphere.appserver.appmanager-1.0</resolved>
        <resolved>com.ibm.websphere.appserver.javaeePlatform-6.0</resolved>
        <resolved>com.ibm.websphere.appserver.javaeePlatform-7.0</resolved>
        <resolved>com.ibm.websphere.appserver.javaeePlatform-8.0</resolved>
        <resolved>io.openliberty.jakartaeePlatform-9.0</resolved>
        <resolved>io.openliberty.jakartaeePlatform-10.0</resolved>
        <resolved>io.openliberty.servlet.api-6.0</resolved>
        <resolved>com.ibm.websphere.appserver.javaeeddSchema-1.0</resolved>
        <resolved>com.ibm.websphere.appserver.injection-2.0</resolved>
        <resolved>com.ibm.websphere.appserver.channelfw-1.0</resolved>
        <resolved>com.ibm.websphere.appserver.httptransport-1.0</resolved>
        <resolved>com.ibm.websphere.appserver.requestProbes-1.0</resolved>
        <resolved>io.openliberty.servlet.internal-6.0</resolved>
        <resolved>io.openliberty.servlet-servletSpi2.0</resolved>
        <resolved>servlet-6.0</resolved>
        <resolved>io.openliberty.mpCompatible-6.1</resolved>
        <resolved>io.openliberty.internal.mpVersion-6.1</resolved>
        <resolved>io.openliberty.jakarta.expressionLanguage-5.0</resolved>
        <resolved>io.openliberty.jakarta.interceptor-2.1</resolved>
        <resolved>io.openliberty.jakarta.cdi-4.0</resolved>
        <resolved>io.openliberty.microprofile.cdi.api-4.0</resolved>
        <resolved>io.openliberty.org.eclipse.microprofile.health-4.0</resolved>
        <resolved>com.ibm.websphere.appserver.contextService-1.0</resolved>
        <resolved>io.openliberty.jakarta.enterpriseBeans-4.0</resolved>
        <resolved>io.openliberty.jsonpImpl-2.1.1</resolved>
        <resolved>io.openliberty.jsonpInternal-2.1</resolved>
        <resolved>io.openliberty.jakarta.persistence.base-3.1</resolved>
        <resolved>io.openliberty.jakarta.persistence-3.1</resolved>
        <resolved>io.openliberty.jakarta.activation-2.1</resolved>
        <resolved>io.openliberty.jakarta.xmlBinding-4.0</resolved>
        <resolved>io.openliberty.jakarta.xmlWS-4.0</resolved>
        <resolved>com.ibm.websphere.appserver.internal.slf4j-1.7</resolved>
        <resolved>io.openliberty.jakarta.pages-3.1</resolved>
        <resolved>io.openliberty.jta-2.0</resolved>
        <resolved>io.openliberty.jakarta.connectors-2.1</resolved>
        <resolved>com.ibm.websphere.appserver.transaction-2.0</resolved>
        <resolved>cdi-4.0</resolved>
        <resolved>jndi-1.0</resolved>
        <resolved>json-1.0</resolved>
        <resolved>io.openliberty.org.eclipse.microprofile.config.3.1.ee-10.0</resolved>
        <resolved>io.openliberty.org.eclipse.microprofile.config-3.1</resolved>
        <resolved>mpConfig-3.1</resolved>
        <resolved>jsonp-2.1</resolved>
        <resolved>io.openliberty.webBundle.internal.ee-10.0</resolved>
        <resolved>io.openliberty.webBundle.internal-1.0</resolved>
        <resolved>mpHealth-4.0</resolved>
        <resolved>io.openliberty.internal.versionless.mpHealth-4.0</resolved>
        <resolved>mpHealth</resolved>
        <resolved>io.openliberty.distributedMapInternal-2.0</resolved>
        <resolved>distributedMap-1.0</resolved>
        <resolved>com.ibm.websphere.appserver.basicRegistry-1.0</resolved>
        <resolved>com.ibm.websphere.appserver.securityInfrastructure-1.0</resolved>
        <resolved>com.ibm.websphere.appserver.builtinAuthorization-1.0</resolved>
        <resolved>com.ibm.websphere.appserver.certificateCreator-1.0</resolved>
        <resolved>ssl-1.0</resolved>
        <resolved>com.ibm.websphere.appserver.ltpa-1.0</resolved>
        <resolved>io.openliberty.jcache.internal1.1.ee-9.0</resolved>
        <resolved>io.openliberty.jcache.internal-1.1</resolved>
        <resolved>com.ibm.websphere.appserver.builtinAuthentication-2.0</resolved>
        <resolved>io.openliberty.securityAPI.jakarta-1.0</resolved>
        <resolved>io.openliberty.security.internal.ee-9.0</resolved>
        <resolved>com.ibm.websphere.appserver.security-1.0</resolved>
        <resolved>io.openliberty.authFilter1.0.internal.ee-9.0</resolved>
        <resolved>com.ibm.websphere.appserver.authFilter-1.0</resolved>
        <resolved>io.openliberty.webBundleSecurity1.0.internal.ee-10.0</resolved>
        <resolved>io.openliberty.webBundleSecurity.internal-1.0</resolved>
        <resolved>com.ibm.websphere.appserver.adminSecurity-2.0</resolved>
        <resolved>io.openliberty.restHandler1.0.internal.ee-10.0</resolved>
        <resolved>io.openliberty.restHandler.internal-1.0</resolved>
        <resolved>io.openliberty.org.eclipse.microprofile.metrics-5.1</resolved>
        <resolved>monitor-1.0</resolved>
        <resolved>mpMetrics-5.1</resolved>
        <resolved>io.openliberty.internal.versionless.mpMetrics-5.1</resolved>
        <resolved>mpMetrics</resolved>
        <resolved>com.ibm.websphere.appserver.javaeePlatform7.0-jndi1.0</resolved>
        <resolved>com.ibm.websphere.appserver.jakarta-transactionContext-1.0</resolved>
        <resolved>com.ibm.websphere.appserver.classloaderContext-1.0</resolved>
        <resolved>com.ibm.websphere.appserver.sessionMonitor-1.0</resolved>
        <resolved>io.openliberty.cdi3.0-jndi1.0</resolved>
        <resolved>com.ibm.websphere.appserver.distributedMapPMI-1.0</resolved>
        <resolved>io.openliberty.cdi4.0-servlet6.0</resolved>
        <resolved>transportSecurity-1.0</resolved>
        <resolved>io.openliberty.transportSecurity1.0.jakarta</resolved>
        <resolved>io.openliberty.servlet5.0-monitor1.0</resolved>
        <resolved>io.openliberty.cdi3.0-transaction2.0</resolved>
        <resolved>com.ibm.websphere.appserver.securityContext-1.0</resolved>
    </output>
</case>

</cases>
